Archive member included to satisfy reference by file (symbol)

c:/st/stm32cubeide_1.10.1/stm32cubeide/plugins/com.st.stm32cube.ide.mcu.externaltools.gnu-tools-for-stm32.10.3-2021.10.win32_1.0.0.202111181127/tools/bin/../lib/gcc/arm-none-eabi/10.3.1/../../../../arm-none-eabi/lib/thumb/v7e-m+fp/hard\libc_nano.a(lib_a-exit.o)
                              c:/st/stm32cubeide_1.10.1/stm32cubeide/plugins/com.st.stm32cube.ide.mcu.externaltools.gnu-tools-for-stm32.10.3-2021.10.win32_1.0.0.202111181127/tools/bin/../lib/gcc/arm-none-eabi/10.3.1/../../../../arm-none-eabi/lib/thumb/v7e-m+fp/hard/crt0.o (exit)
c:/st/stm32cubeide_1.10.1/stm32cubeide/plugins/com.st.stm32cube.ide.mcu.externaltools.gnu-tools-for-stm32.10.3-2021.10.win32_1.0.0.202111181127/tools/bin/../lib/gcc/arm-none-eabi/10.3.1/../../../../arm-none-eabi/lib/thumb/v7e-m+fp/hard\libc_nano.a(lib_a-impure.o)
                              c:/st/stm32cubeide_1.10.1/stm32cubeide/plugins/com.st.stm32cube.ide.mcu.externaltools.gnu-tools-for-stm32.10.3-2021.10.win32_1.0.0.202111181127/tools/bin/../lib/gcc/arm-none-eabi/10.3.1/../../../../arm-none-eabi/lib/thumb/v7e-m+fp/hard\libc_nano.a(lib_a-exit.o) (_global_impure_ptr)
c:/st/stm32cubeide_1.10.1/stm32cubeide/plugins/com.st.stm32cube.ide.mcu.externaltools.gnu-tools-for-stm32.10.3-2021.10.win32_1.0.0.202111181127/tools/bin/../lib/gcc/arm-none-eabi/10.3.1/../../../../arm-none-eabi/lib/thumb/v7e-m+fp/hard\libc_nano.a(lib_a-init.o)
                              c:/st/stm32cubeide_1.10.1/stm32cubeide/plugins/com.st.stm32cube.ide.mcu.externaltools.gnu-tools-for-stm32.10.3-2021.10.win32_1.0.0.202111181127/tools/bin/../lib/gcc/arm-none-eabi/10.3.1/../../../../arm-none-eabi/lib/thumb/v7e-m+fp/hard/crt0.o (__libc_init_array)
c:/st/stm32cubeide_1.10.1/stm32cubeide/plugins/com.st.stm32cube.ide.mcu.externaltools.gnu-tools-for-stm32.10.3-2021.10.win32_1.0.0.202111181127/tools/bin/../lib/gcc/arm-none-eabi/10.3.1/../../../../arm-none-eabi/lib/thumb/v7e-m+fp/hard\libc_nano.a(lib_a-memset.o)
                              c:/st/stm32cubeide_1.10.1/stm32cubeide/plugins/com.st.stm32cube.ide.mcu.externaltools.gnu-tools-for-stm32.10.3-2021.10.win32_1.0.0.202111181127/tools/bin/../lib/gcc/arm-none-eabi/10.3.1/../../../../arm-none-eabi/lib/thumb/v7e-m+fp/hard/crt0.o (memset)
c:/st/stm32cubeide_1.10.1/stm32cubeide/plugins/com.st.stm32cube.ide.mcu.externaltools.gnu-tools-for-stm32.10.3-2021.10.win32_1.0.0.202111181127/tools/bin/../lib/gcc/arm-none-eabi/10.3.1/../../../../arm-none-eabi/lib/thumb/v7e-m+fp/hard\libnosys.a(_exit.o)
                              c:/st/stm32cubeide_1.10.1/stm32cubeide/plugins/com.st.stm32cube.ide.mcu.externaltools.gnu-tools-for-stm32.10.3-2021.10.win32_1.0.0.202111181127/tools/bin/../lib/gcc/arm-none-eabi/10.3.1/../../../../arm-none-eabi/lib/thumb/v7e-m+fp/hard\libc_nano.a(lib_a-exit.o) (_exit)

Discarded input sections

 .text          0x0000000000000000        0x0 c:/st/stm32cubeide_1.10.1/stm32cubeide/plugins/com.st.stm32cube.ide.mcu.externaltools.gnu-tools-for-stm32.10.3-2021.10.win32_1.0.0.202111181127/tools/bin/../lib/gcc/arm-none-eabi/10.3.1/thumb/v7e-m+fp/hard/crti.o
 .data          0x0000000000000000        0x0 c:/st/stm32cubeide_1.10.1/stm32cubeide/plugins/com.st.stm32cube.ide.mcu.externaltools.gnu-tools-for-stm32.10.3-2021.10.win32_1.0.0.202111181127/tools/bin/../lib/gcc/arm-none-eabi/10.3.1/thumb/v7e-m+fp/hard/crti.o
 .bss           0x0000000000000000        0x0 c:/st/stm32cubeide_1.10.1/stm32cubeide/plugins/com.st.stm32cube.ide.mcu.externaltools.gnu-tools-for-stm32.10.3-2021.10.win32_1.0.0.202111181127/tools/bin/../lib/gcc/arm-none-eabi/10.3.1/thumb/v7e-m+fp/hard/crti.o
 .data          0x0000000000000000        0x4 c:/st/stm32cubeide_1.10.1/stm32cubeide/plugins/com.st.stm32cube.ide.mcu.externaltools.gnu-tools-for-stm32.10.3-2021.10.win32_1.0.0.202111181127/tools/bin/../lib/gcc/arm-none-eabi/10.3.1/thumb/v7e-m+fp/hard/crtbegin.o
 .rodata        0x0000000000000000       0x24 c:/st/stm32cubeide_1.10.1/stm32cubeide/plugins/com.st.stm32cube.ide.mcu.externaltools.gnu-tools-for-stm32.10.3-2021.10.win32_1.0.0.202111181127/tools/bin/../lib/gcc/arm-none-eabi/10.3.1/thumb/v7e-m+fp/hard/crtbegin.o
 .text          0x0000000000000000       0x7c c:/st/stm32cubeide_1.10.1/stm32cubeide/plugins/com.st.stm32cube.ide.mcu.externaltools.gnu-tools-for-stm32.10.3-2021.10.win32_1.0.0.202111181127/tools/bin/../lib/gcc/arm-none-eabi/10.3.1/../../../../arm-none-eabi/lib/thumb/v7e-m+fp/hard/crt0.o
 .data          0x0000000000000000        0x0 c:/st/stm32cubeide_1.10.1/stm32cubeide/plugins/com.st.stm32cube.ide.mcu.externaltools.gnu-tools-for-stm32.10.3-2021.10.win32_1.0.0.202111181127/tools/bin/../lib/gcc/arm-none-eabi/10.3.1/../../../../arm-none-eabi/lib/thumb/v7e-m+fp/hard/crt0.o
[...]
Memory Configuration

Name             Origin             Length             Attributes
RAM              0x0000000020000000 0x0000000000018000 xrw
SRAM2            0x0000000010000000 0x0000000000008000 xrw
FLASH            0x0000000008000000 0x0000000000100000 xr
*default*        0x0000000000000000 0xffffffffffffffff

Linker script and memory map

LOAD c:/st/stm32cubeide_1.10.1/stm32cubeide/plugins/com.st.stm32cube.ide.mcu.externaltools.gnu-tools-for-stm32.10.3-2021.10.win32_1.0.0.202111181127/tools/bin/../lib/gcc/arm-none-eabi/10.3.1/thumb/v7e-m+fp/hard/crti.o
LOAD c:/st/stm32cubeide_1.10.1/stm32cubeide/plugins/com.st.stm32cube.ide.mcu.externaltools.gnu-tools-for-stm32.10.3-2021.10.win32_1.0.0.202111181127/tools/bin/../lib/gcc/arm-none-eabi/10.3.1/thumb/v7e-m+fp/hard/crtbegin.o
LOAD c:/st/stm32cubeide_1.10.1/stm32cubeide/plugins/com.st.stm32cube.ide.mcu.externaltools.gnu-tools-for-stm32.10.3-2021.10.win32_1.0.0.202111181127/tools/bin/../lib/gcc/arm-none-eabi/10.3.1/../../../../arm-none-eabi/lib/thumb/v7e-m+fp/hard/crt0.o
LOAD ./Application/Source/app_nucleo_l476.o
LOAD ./Core/Source/hal_nucleo_l476.o
LOAD ./Core/Source/main.o
LOAD ./Core/Source/systick.o
LOAD ./Drivers/STM32L4xx_LL_Drivers/Src/stm32l4xx_ll_adc.o
LOAD ./Drivers/STM32L4xx_LL_Drivers/Src/stm32l4xx_ll_comp.o
LOAD ./Drivers/STM32L4xx_LL_Drivers/Src/stm32l4xx_ll_crc.o
LOAD ./Drivers/STM32L4xx_LL_Drivers/Src/stm32l4xx_ll_crs.o
LOAD ./Drivers/STM32L4xx_LL_Drivers/Src/stm32l4xx_ll_dac.o
LOAD ./Drivers/STM32L4xx_LL_Drivers/Src/stm32l4xx_ll_dma.o
LOAD ./Drivers/STM32L4xx_LL_Drivers/Src/stm32l4xx_ll_dma2d.o
LOAD ./Drivers/STM32L4xx_LL_Drivers/Src/stm32l4xx_ll_exti.o
LOAD ./Drivers/STM32L4xx_LL_Drivers/Src/stm32l4xx_ll_fmc.o
LOAD ./Drivers/STM32L4xx_LL_Drivers/Src/stm32l4xx_ll_gpio.o
LOAD ./Drivers/STM32L4xx_LL_Drivers/Src/stm32l4xx_ll_i2c.o
LOAD ./Drivers/STM32L4xx_LL_Drivers/Src/stm32l4xx_ll_lptim.o
LOAD ./Drivers/STM32L4xx_LL_Drivers/Src/stm32l4xx_ll_lpuart.o
LOAD ./Drivers/STM32L4xx_LL_Drivers/Src/stm32l4xx_ll_opamp.o
LOAD ./Drivers/STM32L4xx_LL_Drivers/Src/stm32l4xx_ll_pka.o
LOAD ./Drivers/STM32L4xx_LL_Drivers/Src/stm32l4xx_ll_pwr.o
LOAD ./Drivers/STM32L4xx_LL_Drivers/Src/stm32l4xx_ll_rcc.o
LOAD ./Drivers/STM32L4xx_LL_Drivers/Src/stm32l4xx_ll_rng.o
LOAD ./Drivers/STM32L4xx_LL_Drivers/Src/stm32l4xx_ll_rtc.o
LOAD ./Drivers/STM32L4xx_LL_Drivers/Src/stm32l4xx_ll_sdmmc.o
LOAD ./Drivers/STM32L4xx_LL_Drivers/Src/stm32l4xx_ll_spi.o
LOAD ./Drivers/STM32L4xx_LL_Drivers/Src/stm32l4xx_ll_swpmi.o
LOAD ./Drivers/STM32L4xx_LL_Drivers/Src/stm32l4xx_ll_tim.o
LOAD ./Drivers/STM32L4xx_LL_Drivers/Src/stm32l4xx_ll_usart.o
LOAD ./Drivers/STM32L4xx_LL_Drivers/Src/stm32l4xx_ll_usb.o
LOAD ./Drivers/STM32L4xx_LL_Drivers/Src/stm32l4xx_ll_utils.o
LOAD ./Startup/startup_stm32l476rgtx.o
START GROUP
LOAD c:/st/stm32cubeide_1.10.1/stm32cubeide/plugins/com.st.stm32cube.ide.mcu.externaltools.gnu-tools-for-stm32.10.3-2021.10.win32_1.0.0.202111181127/tools/bin/../lib/gcc/arm-none-eabi/10.3.1/../../../../arm-none-eabi/lib/thumb/v7e-m+fp/hard\libc_nano.a
LOAD c:/st/stm32cubeide_1.10.1/stm32cubeide/plugins/com.st.stm32cube.ide.mcu.externaltools.gnu-tools-for-stm32.10.3-2021.10.win32_1.0.0.202111181127/tools/bin/../lib/gcc/arm-none-eabi/10.3.1/../../../../arm-none-eabi/lib/thumb/v7e-m+fp/hard\libm.a
END GROUP
START GROUP
LOAD c:/st/stm32cubeide_1.10.1/stm32cubeide/plugins/com.st.stm32cube.ide.mcu.externaltools.gnu-tools-for-stm32.10.3-2021.10.win32_1.0.0.202111181127/tools/bin/../lib/gcc/arm-none-eabi/10.3.1/thumb/v7e-m+fp/hard\libgcc.a
LOAD c:/st/stm32cubeide_1.10.1/stm32cubeide/plugins/com.st.stm32cube.ide.mcu.externaltools.gnu-tools-for-stm32.10.3-2021.10.win32_1.0.0.202111181127/tools/bin/../lib/gcc/arm-none-eabi/10.3.1/../../../../arm-none-eabi/lib/thumb/v7e-m+fp/hard\libc_nano.a
END GROUP
START GROUP
LOAD c:/st/stm32cubeide_1.10.1/stm32cubeide/plugins/com.st.stm32cube.ide.mcu.externaltools.gnu-tools-for-stm32.10.3-2021.10.win32_1.0.0.202111181127/tools/bin/../lib/gcc/arm-none-eabi/10.3.1/thumb/v7e-m+fp/hard\libgcc.a
LOAD c:/st/stm32cubeide_1.10.1/stm32cubeide/plugins/com.st.stm32cube.ide.mcu.externaltools.gnu-tools-for-stm32.10.3-2021.10.win32_1.0.0.202111181127/tools/bin/../lib/gcc/arm-none-eabi/10.3.1/../../../../arm-none-eabi/lib/thumb/v7e-m+fp/hard\libc_nano.a
LOAD c:/st/stm32cubeide_1.10.1/stm32cubeide/plugins/com.st.stm32cube.ide.mcu.externaltools.gnu-tools-for-stm32.10.3-2021.10.win32_1.0.0.202111181127/tools/bin/../lib/gcc/arm-none-eabi/10.3.1/../../../../arm-none-eabi/lib/thumb/v7e-m+fp/hard\libnosys.a
END GROUP
START GROUP
LOAD c:/st/stm32cubeide_1.10.1/stm32cubeide/plugins/com.st.stm32cube.ide.mcu.externaltools.gnu-tools-for-stm32.10.3-2021.10.win32_1.0.0.202111181127/tools/bin/../lib/gcc/arm-none-eabi/10.3.1/thumb/v7e-m+fp/hard\libgcc.a
LOAD c:/st/stm32cubeide_1.10.1/stm32cubeide/plugins/com.st.stm32cube.ide.mcu.externaltools.gnu-tools-for-stm32.10.3-2021.10.win32_1.0.0.202111181127/tools/bin/../lib/gcc/arm-none-eabi/10.3.1/../../../../arm-none-eabi/lib/thumb/v7e-m+fp/hard\libc_nano.a
LOAD c:/st/stm32cubeide_1.10.1/stm32cubeide/plugins/com.st.stm32cube.ide.mcu.externaltools.gnu-tools-for-stm32.10.3-2021.10.win32_1.0.0.202111181127/tools/bin/../lib/gcc/arm-none-eabi/10.3.1/../../../../arm-none-eabi/lib/thumb/v7e-m+fp/hard\libnosys.a
END GROUP
LOAD c:/st/stm32cubeide_1.10.1/stm32cubeide/plugins/com.st.stm32cube.ide.mcu.externaltools.gnu-tools-for-stm32.10.3-2021.10.win32_1.0.0.202111181127/tools/bin/../lib/gcc/arm-none-eabi/10.3.1/thumb/v7e-m+fp/hard/crtend.o
LOAD c:/st/stm32cubeide_1.10.1/stm32cubeide/plugins/com.st.stm32cube.ide.mcu.externaltools.gnu-tools-for-stm32.10.3-2021.10.win32_1.0.0.202111181127/tools/bin/../lib/gcc/arm-none-eabi/10.3.1/thumb/v7e-m+fp/hard/crtn.o
                0x0000000020018000                _estack = (ORIGIN (RAM) + LENGTH (RAM))
                0x0000000000000200                _Min_Heap_Size = 0x200
                0x0000000000000400                _Min_Stack_Size = 0x400

.isr_vector     0x0000000008000000      0x188
                0x0000000008000000                . = ALIGN (0x4)
 *(.isr_vector)
 .isr_vector    0x0000000008000000      0x188 ./Startup/startup_stm32l476rgtx.o
                0x0000000008000000                g_pfnVectors
                0x0000000008000188                . = ALIGN (0x4)

.text           0x0000000008000188      0x7b0
                0x0000000008000188                . = ALIGN (0x4)
 *(.text)
 .text          0x0000000008000188       0x40 c:/st/stm32cubeide_1.10.1/stm32cubeide/plugins/com.st.stm32cube.ide.mcu.externaltools.gnu-tools-for-stm32.10.3-2021.10.win32_1.0.0.202111181127/tools/bin/../lib/gcc/arm-none-eabi/10.3.1/thumb/v7e-m+fp/hard/crtbegin.o
 *(.text*)
 .text.LL_GPIO_ReadInputPort
                0x00000000080001c8       0x18 ./Application/Source/app_nucleo_l476.o
 .text.FSM_Read_PushButton_1
                0x00000000080001e0       0x8c ./Application/Source/app_nucleo_l476.o
                0x00000000080001e0                FSM_Read_PushButton_1
 .text.FSM_Read_PushButton_2
                0x000000000800026c       0x8c ./Application/Source/app_nucleo_l476.o
                0x000000000800026c                FSM_Read_PushButton_2
 .text.FSM_Read_PushButton_3
                0x00000000080002f8       0x8c ./Application/Source/app_nucleo_l476.o
                0x00000000080002f8                FSM_Read_PushButton_3
 .text.DireccionalDerecha
                0x0000000008000384       0xbc ./Application/Source/app_nucleo_l476.o
                0x0000000008000384                DireccionalDerecha
 .text.DireccionalIzquierda
                0x0000000008000440       0xbc ./Application/Source/app_nucleo_l476.o
                0x0000000008000440                DireccionalIzquierda
 .text.Estacionarias
                0x00000000080004fc       0x7c ./Application/Source/app_nucleo_l476.o
                0x00000000080004fc                Estacionarias
 .text.LL_AHB2_GRP1_EnableClock
                0x0000000008000578       0x30 ./Core/Source/hal_nucleo_l476.o
 .text.LL_GPIO_SetPinMode
                0x00000000080005a8       0x7a ./Core/Source/hal_nucleo_l476.o
 .text.LL_GPIO_SetOutputPin
                0x0000000008000622       0x1c ./Core/Source/hal_nucleo_l476.o
 .text.LL_GPIO_ResetOutputPin
                0x000000000800063e       0x1c ./Core/Source/hal_nucleo_l476.o
 *fill*         0x000000000800065a        0x2 
 .text.HAL_NUCLEO_L476_INIT
                0x000000000800065c       0xa4 ./Core/Source/hal_nucleo_l476.o
                0x000000000800065c                HAL_NUCLEO_L476_INIT
 .text.LD2_Set  0x0000000008000700       0x12 ./Core/Source/hal_nucleo_l476.o
                0x0000000008000700                LD2_Set
 .text.LD2_Reset
                0x0000000008000712       0x12 ./Core/Source/hal_nucleo_l476.o
                0x0000000008000712                LD2_Reset
 .text.LD3_Set  0x0000000008000724       0x12 ./Core/Source/hal_nucleo_l476.o
                0x0000000008000724                LD3_Set
 .text.LD3_Reset
                0x0000000008000736       0x12 ./Core/Source/hal_nucleo_l476.o
                0x0000000008000736                LD3_Reset
 .text.LD4_Set  0x0000000008000748       0x12 ./Core/Source/hal_nucleo_l476.o
                0x0000000008000748                LD4_Set
 .text.LD4_Reset
                0x000000000800075a       0x12 ./Core/Source/hal_nucleo_l476.o
                0x000000000800075a                LD4_Reset
 .text.LD5_Set  0x000000000800076c       0x14 ./Core/Source/hal_nucleo_l476.o
                0x000000000800076c                LD5_Set
 .text.LD5_Reset
                0x0000000008000780       0x14 ./Core/Source/hal_nucleo_l476.o
                0x0000000008000780                LD5_Reset
 .text.LL_GPIO_SetOutputPin
                0x0000000008000794       0x1c ./Core/Source/main.o
 .text.main     0x00000000080007b0       0x44 ./Core/Source/main.o
                0x00000000080007b0                main
 .text.SysTick_Handler
                0x00000000080007f4        0xc ./Core/Source/systick.o
                0x00000000080007f4                SysTick_Handler
 .text.SysTick_Callback
                0x0000000008000800       0x1c ./Core/Source/systick.o
                0x0000000008000800                SysTick_Callback
 .text.Get_Tick
                0x000000000800081c       0x18 ./Core/Source/systick.o
                0x000000000800081c                Get_Tick
 .text.LL_InitTick
                0x0000000008000834       0x34 ./Drivers/STM32L4xx_LL_Drivers/Src/stm32l4xx_ll_utils.o
 .text.LL_Init1msTick
                0x0000000008000868       0x1a ./Drivers/STM32L4xx_LL_Drivers/Src/stm32l4xx_ll_utils.o
                0x0000000008000868                LL_Init1msTick
 *fill*         0x0000000008000882        0x2 
 .text.Reset_Handler
                0x0000000008000884       0x50 ./Startup/startup_stm32l476rgtx.o
                0x0000000008000884                Reset_Handler
 .text.Default_Handler
                0x00000000080008d4        0x2 ./Startup/startup_stm32l476rgtx.o
                0x00000000080008d4                EXTI2_IRQHandler
                0x00000000080008d4                TIM8_TRG_COM_IRQHandler
                0x00000000080008d4                TIM8_CC_IRQHandler
                0x00000000080008d4                DebugMon_Handler
                0x00000000080008d4                DMA1_CH4_IRQHandler
                0x00000000080008d4                TIM1_CC_IRQHandler
                0x00000000080008d4                TSC_IRQHandler
                0x00000000080008d4                HardFault_Handler
                0x00000000080008d4                TAMP_STAMP_IRQHandler
                0x00000000080008d4                PendSV_Handler
                0x00000000080008d4                NMI_Handler
                0x00000000080008d4                EXTI3_IRQHandler
                0x00000000080008d4                LPTIM2_IRQHandler
                0x00000000080008d4                DFSDM1_FLT1_IRQHandler
                0x00000000080008d4                I2C3_ER_IRQHandler
                0x00000000080008d4                DFSDM1_FLT2_IRQHandler
                0x00000000080008d4                TIM6_DACUNDER_IRQHandler
                0x00000000080008d4                EXTI0_IRQHandler
                0x00000000080008d4                I2C2_EV_IRQHandler
                0x00000000080008d4                DMA2_CH1_IRQHandler
                0x00000000080008d4                CAN1_RX0_IRQHandler
                0x00000000080008d4                FPU_IRQHandler
                0x00000000080008d4                TIM1_UP_TIM16_IRQHandler
                0x00000000080008d4                DMA2_CH7_IRQHandler
                0x00000000080008d4                UsageFault_Handler
                0x00000000080008d4                ADC1_2_IRQHandler
                0x00000000080008d4                SPI1_IRQHandler
                0x00000000080008d4                DMA1_CH7_IRQHandler
                0x00000000080008d4                TIM8_UP_IRQHandler
                0x00000000080008d4                RTC_ALARM_IRQHandler
                0x00000000080008d4                SAI2_IRQHandler
                0x00000000080008d4                DFSDM1_FLT3_IRQHandler
                0x00000000080008d4                DMA1_CH6_IRQHandler
                0x00000000080008d4                USART3_IRQHandler
                0x00000000080008d4                CAN1_RX1_IRQHandler
                0x00000000080008d4                LCD_IRQHandler
                0x00000000080008d4                UART5_IRQHandler
                0x00000000080008d4                ADC3_IRQHandler
                0x00000000080008d4                TIM4_IRQHandler
                0x00000000080008d4                QUADSPI_IRQHandler
                0x00000000080008d4                I2C1_EV_IRQHandler
                0x00000000080008d4                DMA2_CH5_IRQHandler
                0x00000000080008d4                UART4_IRQHandler
                0x00000000080008d4                DMA1_CH3_IRQHandler
                0x00000000080008d4                TIM3_IRQHandler
                0x00000000080008d4                RCC_IRQHandler
                0x00000000080008d4                Default_Handler
                0x00000000080008d4                EXTI15_10_IRQHandler
                0x00000000080008d4                TIM7_IRQHandler
                0x00000000080008d4                SDMMC1_IRQHandler
                0x00000000080008d4                TIM5_IRQHandler
                0x00000000080008d4                I2C3_EV_IRQHandler
                0x00000000080008d4                EXTI9_5_IRQHandler
                0x00000000080008d4                DMA1_CH2_IRQHandler
                0x00000000080008d4                RTC_WKUP_IRQHandler
                0x00000000080008d4                PVD_PVM_IRQHandler
                0x00000000080008d4                SPI2_IRQHandler
                0x00000000080008d4                DMA1_CH1_IRQHandler
                0x00000000080008d4                MemManage_Handler
                0x00000000080008d4                CAN1_TX_IRQHandler
                0x00000000080008d4                SVC_Handler
                0x00000000080008d4                EXTI4_IRQHandler
                0x00000000080008d4                RNG_IRQHandler
                0x00000000080008d4                TIM1_TRG_COM_TIM17_IRQHandler
                0x00000000080008d4                COMP_IRQHandler
                0x00000000080008d4                WWDG_IRQHandler
                0x00000000080008d4                LPUART1_IRQHandler
                0x00000000080008d4                TIM2_IRQHandler
                0x00000000080008d4                EXTI1_IRQHandler
                0x00000000080008d4                AES_IRQHandler
                0x00000000080008d4                USART2_IRQHandler
                0x00000000080008d4                DFSDM1_FLT0_IRQHandler
                0x00000000080008d4                I2C2_ER_IRQHandler
                0x00000000080008d4                TIM8_BRK_IRQHandler
                0x00000000080008d4                CAN1_SCE_IRQHandler
                0x00000000080008d4                FLASH_IRQHandler
                0x00000000080008d4                BusFault_Handler
                0x00000000080008d4                USART1_IRQHandler
                0x00000000080008d4                OTG_FS_IRQHandler
                0x00000000080008d4                SPI3_IRQHandler
                0x00000000080008d4                DMA2_CH6_IRQHandler
                0x00000000080008d4                DMA2_CH3_IRQHandler
                0x00000000080008d4                DMA2_CH2_IRQHandler
                0x00000000080008d4                I2C1_ER_IRQHandler
                0x00000000080008d4                FMC_IRQHandler
                0x00000000080008d4                DMA1_CH5_IRQHandler
                0x00000000080008d4                DMA2_CH4_IRQHandler
                0x00000000080008d4                SWPMI1_IRQHandler
                0x00000000080008d4                LPTIM1_IRQHandler
                0x00000000080008d4                SAI1_IRQHandler
                0x00000000080008d4                TIM1_BRK_TIM15_IRQHandler
 *fill*         0x00000000080008d6        0x2 
 .text.__libc_init_array
                0x00000000080008d8       0x48 c:/st/stm32cubeide_1.10.1/stm32cubeide/plugins/com.st.stm32cube.ide.mcu.externaltools.gnu-tools-for-stm32.10.3-2021.10.win32_1.0.0.202111181127/tools/bin/../lib/gcc/arm-none-eabi/10.3.1/../../../../arm-none-eabi/lib/thumb/v7e-m+fp/hard\libc_nano.a(lib_a-init.o)
                0x00000000080008d8                __libc_init_array
 *(.glue_7)
 .glue_7        0x0000000008000920        0x0 linker stubs
 *(.glue_7t)
 .glue_7t       0x0000000008000920        0x0 linker stubs
 *(.eh_frame)
 .eh_frame      0x0000000008000920        0x0 c:/st/stm32cubeide_1.10.1/stm32cubeide/plugins/com.st.stm32cube.ide.mcu.externaltools.gnu-tools-for-stm32.10.3-2021.10.win32_1.0.0.202111181127/tools/bin/../lib/gcc/arm-none-eabi/10.3.1/thumb/v7e-m+fp/hard/crtbegin.o
 *(.init)
 .init          0x0000000008000920        0x4 c:/st/stm32cubeide_1.10.1/stm32cubeide/plugins/com.st.stm32cube.ide.mcu.externaltools.gnu-tools-for-stm32.10.3-2021.10.win32_1.0.0.202111181127/tools/bin/../lib/gcc/arm-none-eabi/10.3.1/thumb/v7e-m+fp/hard/crti.o
                0x0000000008000920                _init
 .init          0x0000000008000924        0x8 c:/st/stm32cubeide_1.10.1/stm32cubeide/plugins/com.st.stm32cube.ide.mcu.externaltools.gnu-tools-for-stm32.10.3-2021.10.win32_1.0.0.202111181127/tools/bin/../lib/gcc/arm-none-eabi/10.3.1/thumb/v7e-m+fp/hard/crtn.o
 *(.fini)
 .fini          0x000000000800092c        0x4 c:/st/stm32cubeide_1.10.1/stm32cubeide/plugins/com.st.stm32cube.ide.mcu.externaltools.gnu-tools-for-stm32.10.3-2021.10.win32_1.0.0.202111181127/tools/bin/../lib/gcc/arm-none-eabi/10.3.1/thumb/v7e-m+fp/hard/crti.o
                0x000000000800092c                _fini
 .fini          0x0000000008000930        0x8 c:/st/stm32cubeide_1.10.1/stm32cubeide/plugins/com.st.stm32cube.ide.mcu.externaltools.gnu-tools-for-stm32.10.3-2021.10.win32_1.0.0.202111181127/tools/bin/../lib/gcc/arm-none-eabi/10.3.1/thumb/v7e-m+fp/hard/crtn.o
                0x0000000008000938                . = ALIGN (0x4)
                0x0000000008000938                _etext = .

.vfp11_veneer   0x0000000008000938        0x0
 .vfp11_veneer  0x0000000008000938        0x0 linker stubs

.v4_bx          0x0000000008000938        0x0
 .v4_bx         0x0000000008000938        0x0 linker stubs

.iplt           0x0000000008000938        0x0
 .iplt          0x0000000008000938        0x0 c:/st/stm32cubeide_1.10.1/stm32cubeide/plugins/com.st.stm32cube.ide.mcu.externaltools.gnu-tools-for-stm32.10.3-2021.10.win32_1.0.0.202111181127/tools/bin/../lib/gcc/arm-none-eabi/10.3.1/thumb/v7e-m+fp/hard/crtbegin.o

.rel.dyn        0x0000000008000938        0x0
 .rel.iplt      0x0000000008000938        0x0 c:/st/stm32cubeide_1.10.1/stm32cubeide/plugins/com.st.stm32cube.ide.mcu.externaltools.gnu-tools-for-stm32.10.3-2021.10.win32_1.0.0.202111181127/tools/bin/../lib/gcc/arm-none-eabi/10.3.1/thumb/v7e-m+fp/hard/crtbegin.o

.rodata         0x0000000008000938        0x0
                0x0000000008000938                . = ALIGN (0x4)
 *(.rodata)
 *(.rodata*)
                0x0000000008000938                . = ALIGN (0x4)

.ARM.extab      0x0000000008000938        0x0
                0x0000000008000938                . = ALIGN (0x4)
 *(.ARM.extab* .gnu.linkonce.armextab.*)
                0x0000000008000938                . = ALIGN (0x4)

.ARM            0x0000000008000938        0x0
                0x0000000008000938                . = ALIGN (0x4)
                0x0000000008000938                __exidx_start = .
 *(.ARM.exidx*)
                0x0000000008000938                __exidx_end = .
                0x0000000008000938                . = ALIGN (0x4)

.preinit_array  0x0000000008000938        0x0
                0x0000000008000938                . = ALIGN (0x4)
                0x0000000008000938                PROVIDE (__preinit_array_start = .)
 *(.preinit_array*)
                0x0000000008000938                PROVIDE (__preinit_array_end = .)
                0x0000000008000938                . = ALIGN (0x4)

.init_array     0x0000000008000938        0x4
                0x0000000008000938                . = ALIGN (0x4)
                0x0000000008000938                PROVIDE (__init_array_start = .)
 *(SORT_BY_NAME(.init_array.*))
 *(.init_array*)
 .init_array    0x0000000008000938        0x4 c:/st/stm32cubeide_1.10.1/stm32cubeide/plugins/com.st.stm32cube.ide.mcu.externaltools.gnu-tools-for-stm32.10.3-2021.10.win32_1.0.0.202111181127/tools/bin/../lib/gcc/arm-none-eabi/10.3.1/thumb/v7e-m+fp/hard/crtbegin.o
                0x000000000800093c                PROVIDE (__init_array_end = .)
                0x000000000800093c                . = ALIGN (0x4)

.fini_array     0x000000000800093c        0x4
                0x000000000800093c                . = ALIGN (0x4)
                [!provide]                        PROVIDE (__fini_array_start = .)
 *(SORT_BY_NAME(.fini_array.*))
 *(.fini_array*)
 .fini_array    0x000000000800093c        0x4 c:/st/stm32cubeide_1.10.1/stm32cubeide/plugins/com.st.stm32cube.ide.mcu.externaltools.gnu-tools-for-stm32.10.3-2021.10.win32_1.0.0.202111181127/tools/bin/../lib/gcc/arm-none-eabi/10.3.1/thumb/v7e-m+fp/hard/crtbegin.o
                [!provide]                        PROVIDE (__fini_array_end = .)
                0x0000000008000940                . = ALIGN (0x4)
                0x0000000008000940                _sidata = LOADADDR (.data)

.data           0x0000000020000000        0x0 load address 0x0000000008000940
                0x0000000020000000                . = ALIGN (0x4)
                0x0000000020000000                _sdata = .
 *(.data)
 *(.data*)
 *(.RamFunc)
 *(.RamFunc*)
                0x0000000020000000                . = ALIGN (0x4)
                0x0000000020000000                _edata = .
                0x0000000008000940                _sisram2 = LOADADDR (.sram2)

.igot.plt       0x0000000020000000        0x0 load address 0x0000000008000940
 .igot.plt      0x0000000020000000        0x0 c:/st/stm32cubeide_1.10.1/stm32cubeide/plugins/com.st.stm32cube.ide.mcu.externaltools.gnu-tools-for-stm32.10.3-2021.10.win32_1.0.0.202111181127/tools/bin/../lib/gcc/arm-none-eabi/10.3.1/thumb/v7e-m+fp/hard/crtbegin.o

.sram2          0x0000000010000000        0x0 load address 0x0000000008000940
                0x0000000010000000                . = ALIGN (0x4)
                0x0000000010000000                _ssram2 = .
 *(.sram2)
 *(.sram2*)
                0x0000000010000000                . = ALIGN (0x4)
                0x0000000010000000                _esram2 = .
                0x0000000010000000                . = ALIGN (0x4)

.bss            0x0000000020000000       0x50
                0x0000000020000000                _sbss = .
                0x0000000020000000                __bss_start__ = _sbss
 *(.bss)
 .bss           0x0000000020000000       0x1c c:/st/stm32cubeide_1.10.1/stm32cubeide/plugins/com.st.stm32cube.ide.mcu.externaltools.gnu-tools-for-stm32.10.3-2021.10.win32_1.0.0.202111181127/tools/bin/../lib/gcc/arm-none-eabi/10.3.1/thumb/v7e-m+fp/hard/crtbegin.o
 *(.bss*)
 .bss.last_tick_1.11
                0x000000002000001c        0x4 ./Application/Source/app_nucleo_l476.o
 .bss.button_state_1.10
                0x0000000020000020        0x1 ./Application/Source/app_nucleo_l476.o
 *fill*         0x0000000020000021        0x3 
 .bss.last_tick.9
                0x0000000020000024        0x4 ./Application/Source/app_nucleo_l476.o
 .bss.button_state_2.8
                0x0000000020000028        0x1 ./Application/Source/app_nucleo_l476.o
 *fill*         0x0000000020000029        0x3 
 .bss.last_tick_3.7
                0x000000002000002c        0x4 ./Application/Source/app_nucleo_l476.o
 .bss.button_state_3.6
                0x0000000020000030        0x1 ./Application/Source/app_nucleo_l476.o
 *fill*         0x0000000020000031        0x3 
 .bss.last_tick_1.5
                0x0000000020000034        0x4 ./Application/Source/app_nucleo_l476.o
 .bss.secuencia_der.4
                0x0000000020000038        0x1 ./Application/Source/app_nucleo_l476.o
 *fill*         0x0000000020000039        0x3 
 .bss.last_tick_3.3
                0x000000002000003c        0x4 ./Application/Source/app_nucleo_l476.o
 .bss.secuencia_iz.2
                0x0000000020000040        0x1 ./Application/Source/app_nucleo_l476.o
 *fill*         0x0000000020000041        0x3 
 .bss.last_tick.1
                0x0000000020000044        0x4 ./Application/Source/app_nucleo_l476.o
 .bss.seq_estacionarias.0
                0x0000000020000048        0x1 ./Application/Source/app_nucleo_l476.o
 .bss.temp_1    0x0000000020000049        0x1 ./Core/Source/main.o
 .bss.temp_2    0x000000002000004a        0x1 ./Core/Source/main.o
 .bss.temp_3    0x000000002000004b        0x1 ./Core/Source/main.o
 .bss.msTick    0x000000002000004c        0x4 ./Core/Source/systick.o
                0x000000002000004c                msTick
 *(COMMON)
                0x0000000020000050                . = ALIGN (0x4)
                0x0000000020000050                _ebss = .
                0x0000000020000050                __bss_end__ = _ebss

._user_heap_stack
                0x0000000020000050      0x600
                0x0000000020000050                . = ALIGN (0x8)
                [!provide]                        PROVIDE (end = .)
                [!provide]                        PROVIDE (_end = .)
                0x0000000020000250                . = (. + _Min_Heap_Size)
 *fill*         0x0000000020000050      0x200 
                0x0000000020000650                . = (. + _Min_Stack_Size)
 *fill*         0x0000000020000250      0x400 
                0x0000000020000650                . = ALIGN (0x8)

/DISCARD/
 libc.a(*)
 libm.a(*)
 libgcc.a(*)

.ARM.attributes
                0x0000000000000000       0x30
 *(.ARM.attributes)
 .ARM.attributes
                0x0000000000000000       0x1e c:/st/stm32cubeide_1.10.1/stm32cubeide/plugins/com.st.stm32cube.ide.mcu.externaltools.gnu-tools-for-stm32.10.3-2021.10.win32_1.0.0.202111181127/tools/bin/../lib/gcc/arm-none-eabi/10.3.1/thumb/v7e-m+fp/hard/crti.o
 .ARM.attributes
                0x000000000000001e       0x34 c:/st/stm32cubeide_1.10.1/stm32cubeide/plugins/com.st.stm32cube.ide.mcu.externaltools.gnu-tools-for-stm32.10.3-2021.10.win32_1.0.0.202111181127/tools/bin/../lib/gcc/arm-none-eabi/10.3.1/thumb/v7e-m+fp/hard/crtbegin.o
 .ARM.attributes
                0x0000000000000052       0x34 ./Application/Source/app_nucleo_l476.o
 .ARM.attributes
                0x0000000000000086       0x34 ./Core/Source/hal_nucleo_l476.o
 .ARM.attributes
                0x00000000000000ba       0x34 ./Core/Source/main.o
 .ARM.attributes
                0x00000000000000ee       0x34 ./Core/Source/systick.o
 .ARM.attributes
                0x0000000000000122       0x34 ./Drivers/STM32L4xx_LL_Drivers/Src/stm32l4xx_ll_utils.o
 .ARM.attributes
                0x0000000000000156       0x21 ./Startup/startup_stm32l476rgtx.o
 .ARM.attributes
                0x0000000000000177       0x34 c:/st/stm32cubeide_1.10.1/stm32cubeide/plugins/com.st.stm32cube.ide.mcu.externaltools.gnu-tools-for-stm32.10.3-2021.10.win32_1.0.0.202111181127/tools/bin/../lib/gcc/arm-none-eabi/10.3.1/../../../../arm-none-eabi/lib/thumb/v7e-m+fp/hard\libc_nano.a(lib_a-init.o)
 .ARM.attributes
                0x00000000000001ab       0x1e c:/st/stm32cubeide_1.10.1/stm32cubeide/plugins/com.st.stm32cube.ide.mcu.externaltools.gnu-tools-for-stm32.10.3-2021.10.win32_1.0.0.202111181127/tools/bin/../lib/gcc/arm-none-eabi/10.3.1/thumb/v7e-m+fp/hard/crtn.o
OUTPUT(Led_Direccionales_C.elf elf32-littlearm)
LOAD linker stubs
LOAD c:/st/stm32cubeide_1.10.1/stm32cubeide/plugins/com.st.stm32cube.ide.mcu.externaltools.gnu-tools-for-stm32.10.3-2021.10.win32_1.0.0.202111181127/tools/bin/../lib/gcc/arm-none-eabi/10.3.1/../../../../arm-none-eabi/lib/thumb/v7e-m+fp/hard\libc.a
LOAD c:/st/stm32cubeide_1.10.1/stm32cubeide/plugins/com.st.stm32cube.ide.mcu.externaltools.gnu-tools-for-stm32.10.3-2021.10.win32_1.0.0.202111181127/tools/bin/../lib/gcc/arm-none-eabi/10.3.1/../../../../arm-none-eabi/lib/thumb/v7e-m+fp/hard\libm.a
LOAD c:/st/stm32cubeide_1.10.1/stm32cubeide/plugins/com.st.stm32cube.ide.mcu.externaltools.gnu-tools-for-stm32.10.3-2021.10.win32_1.0.0.202111181127/tools/bin/../lib/gcc/arm-none-eabi/10.3.1/thumb/v7e-m+fp/hard\libgcc.a

.debug_info     0x0000000000000000     0x1b81
 .debug_info    0x0000000000000000      0x4cd ./Application/Source/app_nucleo_l476.o
 .debug_info    0x00000000000004cd      0x69f ./Core/Source/hal_nucleo_l476.o
 .debug_info    0x0000000000000b6c      0x288 ./Core/Source/main.o
 .debug_info    0x0000000000000df4       0xd4 ./Core/Source/systick.o
 .debug_info    0x0000000000000ec8      0xc97 ./Drivers/STM32L4xx_LL_Drivers/Src/stm32l4xx_ll_utils.o
 .debug_info    0x0000000000001b5f       0x22 ./Startup/startup_stm32l476rgtx.o

.debug_abbrev   0x0000000000000000      0x749
 .debug_abbrev  0x0000000000000000      0x167 ./Application/Source/app_nucleo_l476.o
 .debug_abbrev  0x0000000000000167      0x19d ./Core/Source/hal_nucleo_l476.o
 .debug_abbrev  0x0000000000000304      0x13d ./Core/Source/main.o
 .debug_abbrev  0x0000000000000441       0x9f ./Core/Source/systick.o
 .debug_abbrev  0x00000000000004e0      0x257 ./Drivers/STM32L4xx_LL_Drivers/Src/stm32l4xx_ll_utils.o
 .debug_abbrev  0x0000000000000737       0x12 ./Startup/startup_stm32l476rgtx.o

.debug_aranges  0x0000000000000000      0x2d0
 .debug_aranges
                0x0000000000000000       0x58 ./Application/Source/app_nucleo_l476.o
 .debug_aranges
                0x0000000000000058       0xc0 ./Core/Source/hal_nucleo_l476.o
 .debug_aranges
                0x0000000000000118       0x28 ./Core/Source/main.o
 .debug_aranges
                0x0000000000000140       0x30 ./Core/Source/systick.o
 .debug_aranges
                0x0000000000000170      0x138 ./Drivers/STM32L4xx_LL_Drivers/Src/stm32l4xx_ll_utils.o
 .debug_aranges
                0x00000000000002a8       0x28 ./Startup/startup_stm32l476rgtx.o

.debug_ranges   0x0000000000000000      0x278
 .debug_ranges  0x0000000000000000       0x48 ./Application/Source/app_nucleo_l476.o
 .debug_ranges  0x0000000000000048       0xb0 ./Core/Source/hal_nucleo_l476.o
 .debug_ranges  0x00000000000000f8       0x18 ./Core/Source/main.o
 .debug_ranges  0x0000000000000110       0x20 ./Core/Source/systick.o
 .debug_ranges  0x0000000000000130      0x128 ./Drivers/STM32L4xx_LL_Drivers/Src/stm32l4xx_ll_utils.o
 .debug_ranges  0x0000000000000258       0x20 ./Startup/startup_stm32l476rgtx.o

.debug_macro    0x0000000000000000    0x1d9e6
 .debug_macro   0x0000000000000000      0x108 ./Application/Source/app_nucleo_l476.o
 .debug_macro   0x0000000000000108      0xa84 ./Application/Source/app_nucleo_l476.o
 .debug_macro   0x0000000000000b8c       0x22 ./Application/Source/app_nucleo_l476.o
 .debug_macro   0x0000000000000bae       0x8e ./Application/Source/app_nucleo_l476.o
 .debug_macro   0x0000000000000c3c       0x51 ./Application/Source/app_nucleo_l476.o
 .debug_macro   0x0000000000000c8d      0x103 ./Application/Source/app_nucleo_l476.o
 .debug_macro   0x0000000000000d90       0x6a ./Application/Source/app_nucleo_l476.o
 .debug_macro   0x0000000000000dfa      0x1df ./Application/Source/app_nucleo_l476.o
 .debug_macro   0x0000000000000fd9       0x2e ./Application/Source/app_nucleo_l476.o
 .debug_macro   0x0000000000001007       0x28 ./Application/Source/app_nucleo_l476.o
 .debug_macro   0x000000000000102f       0x1c ./Application/Source/app_nucleo_l476.o
 .debug_macro   0x000000000000104b       0x22 ./Application/Source/app_nucleo_l476.o
 .debug_macro   0x000000000000106d       0xfb ./Application/Source/app_nucleo_l476.o
 .debug_macro   0x0000000000001168     0x1011 ./Application/Source/app_nucleo_l476.o
 .debug_macro   0x0000000000002179      0x11f ./Application/Source/app_nucleo_l476.o
 .debug_macro   0x0000000000002298    0x1a17a ./Application/Source/app_nucleo_l476.o
 .debug_macro   0x000000000001c412       0x6d ./Application/Source/app_nucleo_l476.o
 .debug_macro   0x000000000001c47f      0x1b9 ./Application/Source/app_nucleo_l476.o
 .debug_macro   0x000000000001c638       0xa7 ./Application/Source/app_nucleo_l476.o
 .debug_macro   0x000000000001c6df      0x169 ./Application/Source/app_nucleo_l476.o
 .debug_macro   0x000000000001c848       0xca ./Application/Source/app_nucleo_l476.o
 .debug_macro   0x000000000001c912       0xfe ./Core/Source/hal_nucleo_l476.o
 .debug_macro   0x000000000001ca10      0x108 ./Core/Source/main.o
 .debug_macro   0x000000000001cb18       0x6d ./Core/Source/systick.o
 .debug_macro   0x000000000001cb85      0x19e ./Drivers/STM32L4xx_LL_Drivers/Src/stm32l4xx_ll_utils.o
 .debug_macro   0x000000000001cd23       0xa1 ./Drivers/STM32L4xx_LL_Drivers/Src/stm32l4xx_ll_utils.o
 .debug_macro   0x000000000001cdc4      0x720 ./Drivers/STM32L4xx_LL_Drivers/Src/stm32l4xx_ll_utils.o
 .debug_macro   0x000000000001d4e4      0x2f5 ./Drivers/STM32L4xx_LL_Drivers/Src/stm32l4xx_ll_utils.o
 .debug_macro   0x000000000001d7d9      0x20d ./Drivers/STM32L4xx_LL_Drivers/Src/stm32l4xx_ll_utils.o

.debug_line     0x0000000000000000     0x2a3d
 .debug_line    0x0000000000000000      0x986 ./Application/Source/app_nucleo_l476.o
 .debug_line    0x0000000000000986      0x8dd ./Core/Source/hal_nucleo_l476.o
 .debug_line    0x0000000000001263      0x6c1 ./Core/Source/main.o
 .debug_line    0x0000000000001924      0x436 ./Core/Source/systick.o
 .debug_line    0x0000000000001d5a      0xc5f ./Drivers/STM32L4xx_LL_Drivers/Src/stm32l4xx_ll_utils.o
 .debug_line    0x00000000000029b9       0x84 ./Startup/startup_stm32l476rgtx.o

.debug_str      0x0000000000000000    0xa721e
 .debug_str     0x0000000000000000    0xa0507 ./Application/Source/app_nucleo_l476.o
                                      0xa069d (size before relaxing)
 .debug_str     0x00000000000a0507      0x25a ./Core/Source/hal_nucleo_l476.o
                                      0xa0736 (size before relaxing)
 .debug_str     0x00000000000a0761       0x48 ./Core/Source/main.o
                                      0xa057c (size before relaxing)
 .debug_str     0x00000000000a07a9       0x4e ./Core/Source/systick.o
                                       0x3c95 (size before relaxing)
 .debug_str     0x00000000000a07f7     0x69f6 ./Drivers/STM32L4xx_LL_Drivers/Src/stm32l4xx_ll_utils.o
                                      0xa5751 (size before relaxing)
 .debug_str     0x00000000000a71ed       0x31 ./Startup/startup_stm32l476rgtx.o
                                         0xa1 (size before relaxing)

.comment        0x0000000000000000       0x50
 .comment       0x0000000000000000       0x50 ./Application/Source/app_nucleo_l476.o
                                         0x51 (size before relaxing)
 .comment       0x0000000000000050       0x51 ./Core/Source/hal_nucleo_l476.o
 .comment       0x0000000000000050       0x51 ./Core/Source/main.o
 .comment       0x0000000000000050       0x51 ./Core/Source/systick.o
 .comment       0x0000000000000050       0x51 ./Drivers/STM32L4xx_LL_Drivers/Src/stm32l4xx_ll_utils.o

.debug_frame    0x0000000000000000      0x9a8
 .debug_frame   0x0000000000000000      0x134 ./Application/Source/app_nucleo_l476.o
 .debug_frame   0x0000000000000134      0x28c ./Core/Source/hal_nucleo_l476.o
 .debug_frame   0x00000000000003c0       0x54 ./Core/Source/main.o
 .debug_frame   0x0000000000000414       0x6c ./Core/Source/systick.o
 .debug_frame   0x0000000000000480      0x4fc ./Drivers/STM32L4xx_LL_Drivers/Src/stm32l4xx_ll_utils.o
 .debug_frame   0x000000000000097c       0x2c c:/st/stm32cubeide_1.10.1/stm32cubeide/plugins/com.st.stm32cube.ide.mcu.externaltools.gnu-tools-for-stm32.10.3-2021.10.win32_1.0.0.202111181127/tools/bin/../lib/gcc/arm-none-eabi/10.3.1/../../../../arm-none-eabi/lib/thumb/v7e-m+fp/hard\libc_nano.a(lib_a-init.o)
